for i = 1, 10 do
  print(i)
end

↓↓↓↓↓↓↓↓↓↓↓↓↓↓↓↓↓↓↓↓↓↓↓↓↓↓↓↓↓↓↓↓↓↓↓↓ OUTPUT ↓↓↓↓↓↓↓↓↓↓↓↓↓↓↓↓↓↓↓↓↓↓↓↓↓↓↓↓↓↓↓↓↓↓↓↓

Block(
    [
        Node {
            comments: [],
            node: For {
                name: Name(
                    "i",
                ),
                startexp: Node {
                    comments: [],
                    node: Number(
                        "1",
                    ),
                    location: Location {
                        line_start: 1,
                        line_end: 1,
                        column_start: 9,
                        column_end: 10,
                    },
                },
                endexp: Node {
                    comments: [],
                    node: Number(
                        "10",
                    ),
                    location: Location {
                        line_start: 1,
                        line_end: 1,
                        column_start: 12,
                        column_end: 14,
                    },
                },
                stepexp: None,
                block: Block(
                    [
                        Node {
                            comments: [],
                            node: DoBlock(
                                Block(
                                    [
                                        Node {
                                            comments: [],
                                            node: FunctionCallStatement {
                                                pexp: Node {
                                                    comments: [],
                                                    node: NamedVar(
                                                        "print",
                                                    ),
                                                    location: Location {
                                                        line_start: 2,
                                                        line_end: 2,
                                                        column_start: 3,
                                                        column_end: 8,
                                                    },
                                                },
                                                args: [
                                                    Node {
                                                        comments: [],
                                                        node: NamedVar(
                                                            "i",
                                                        ),
                                                        location: Location {
                                                            line_start: 2,
                                                            line_end: 2,
                                                            column_start: 9,
                                                            column_end: 10,
                                                        },
                                                    },
                                                ],
                                            },
                                            location: Location {
                                                line_start: 2,
                                                line_end: 2,
                                                column_start: 3,
                                                column_end: 11,
                                            },
                                        },
                                    ],
                                ),
                            ),
                            location: Location {
                                line_start: 1,
                                line_end: 3,
                                column_start: 15,
                                column_end: 4,
                            },
                        },
                    ],
                ),
            },
            location: Location {
                line_start: 1,
                line_end: 3,
                column_start: 1,
                column_end: 4,
            },
        },
    ],
)
