function cmp(a, b)
  if a < b then
    return -1
  elseif a > b then
    return 1
  else
    return 0
  end
end

↓↓↓↓↓↓↓↓↓↓↓↓↓↓↓↓↓↓↓↓↓↓↓↓↓↓↓↓↓↓↓↓↓↓↓↓ OUTPUT ↓↓↓↓↓↓↓↓↓↓↓↓↓↓↓↓↓↓↓↓↓↓↓↓↓↓↓↓↓↓↓↓↓↓↓↓

Block(
    [
        Node {
            comments: [],
            node: FunctionDeclaration {
                name: [
                    Name(
                        "cmp",
                    ),
                ],
                method: None,
                parlist: [
                    Name(
                        "a",
                    ),
                    Name(
                        "b",
                    ),
                ],
                varargs: false,
                block: Block(
                    [
                        Node {
                            comments: [],
                            node: IfStatement {
                                consequents: [
                                    Consequent {
                                        cexp: Binary {
                                            lexp: NamedVar(
                                                "a",
                                            ),
                                            op: Lt,
                                            rexp: NamedVar(
                                                "b",
                                            ),
                                        },
                                        block: Block(
                                            [
                                                Node {
                                                    comments: [],
                                                    node: Return(
                                                        Some(
                                                            [
                                                                Unary {
                                                                    exp: Number(
                                                                        "1",
                                                                    ),
                                                                    op: Minus,
                                                                },
                                                            ],
                                                        ),
                                                    ),
                                                },
                                            ],
                                        ),
                                    },
                                    Consequent {
                                        cexp: Binary {
                                            lexp: NamedVar(
                                                "a",
                                            ),
                                            op: Gt,
                                            rexp: NamedVar(
                                                "b",
                                            ),
                                        },
                                        block: Block(
                                            [
                                                Node {
                                                    comments: [],
                                                    node: Return(
                                                        Some(
                                                            [
                                                                Number(
                                                                    "1",
                                                                ),
                                                            ],
                                                        ),
                                                    ),
                                                },
                                            ],
                                        ),
                                    },
                                ],
                                alternate: Some(
                                    Block(
                                        [
                                            Node {
                                                comments: [],
                                                node: Return(
                                                    Some(
                                                        [
                                                            Number(
                                                                "0",
                                                            ),
                                                        ],
                                                    ),
                                                ),
                                            },
                                        ],
                                    ),
                                ),
                            },
                        },
                    ],
                ),
            },
        },
    ],
)
