[not yet implemented][not yet implemented][not yet implemented]
