
                                                           *foo_bar* *g:Thing*
This paragraph has some associated link targets above it.
