function foo(bar, baz)
  bar(baz)
end

↓↓↓↓↓↓↓↓↓↓↓↓↓↓↓↓↓↓↓↓↓↓↓↓↓↓↓↓↓↓↓↓↓↓↓↓ OUTPUT ↓↓↓↓↓↓↓↓↓↓↓↓↓↓↓↓↓↓↓↓↓↓↓↓↓↓↓↓↓↓↓↓↓↓↓↓

Block(
    [
        Node {
            comments: [],
            node: FunctionDeclaration {
                name: [
                    Name(
                        "foo",
                    ),
                ],
                method: None,
                parlist: [
                    Name(
                        "bar",
                    ),
                    Name(
                        "baz",
                    ),
                ],
                varargs: false,
                block: Block(
                    [
                        Node {
                            comments: [],
                            node: FunctionCallStatement {
                                pexp: Node {
                                    comments: [],
                                    node: NamedVar(
                                        "bar",
                                    ),
                                    location: Location {
                                        line_start: 2,
                                        line_end: 2,
                                        column_start: 3,
                                        column_end: 6,
                                    },
                                },
                                args: [
                                    Node {
                                        comments: [],
                                        node: NamedVar(
                                            "baz",
                                        ),
                                        location: Location {
                                            line_start: 2,
                                            line_end: 2,
                                            column_start: 7,
                                            column_end: 10,
                                        },
                                    },
                                ],
                            },
                            location: Location {
                                line_start: 2,
                                line_end: 2,
                                column_start: 3,
                                column_end: 11,
                            },
                        },
                    ],
                ),
            },
            location: Location {
                line_start: 1,
                line_end: 3,
                column_start: 1,
                column_end: 4,
            },
        },
    ],
)
