Project
  [ Project
      [ Unit
          [ DocBlock
              [ Paragraph [ Plaintext "This." , BreakTag , Plaintext "That." ]
              , Paragraph [ Plaintext "This." , BreakTag , Plaintext "That." ]
              , Paragraph [ Plaintext "This." , BreakTag , Plaintext "That." ]
              , Paragraph [ Plaintext "This." , BreakTag , Plaintext "That." ]
              , Paragraph
                  [ Plaintext "Note"
                  , Whitespace
                  , Plaintext "that"
                  , Whitespace
                  , Plaintext "surrounding"
                  , Whitespace
                  , Plaintext "whitespace"
                  , BreakTag
                  , Plaintext "gets"
                  , Whitespace
                  , Plaintext "slurped"
                  , Whitespace
                  , Plaintext "(at"
                  , Whitespace
                  , Plaintext "the"
                  , Whitespace
                  , Plaintext "end"
                  , Whitespace
                  , Plaintext "of"
                  , Whitespace
                  , Plaintext "the"
                  , Whitespace
                  , Plaintext "line)."
                  ]
              , Paragraph
                  [ Plaintext "And"
                  , BreakTag
                  , Plaintext "internally"
                  , Whitespace
                  , Plaintext "too."
                  ]
              , Paragraph
                  [ Plaintext "Also,"
                  , BreakTag
                  , Plaintext "we"
                  , BreakTag
                  , Plaintext "are"
                  , BreakTag
                  , Plaintext "case"
                  , BreakTag
                  , Plaintext "insensitive."
                  , BreakTag
                  ]
              ]
          ]
      ]
  ]
