Project
  [ Project
      [ Unit
          [ FunctionDeclaration
              { functionBang = False
              , functionName = "Foo"
              , functionArguments = ArgumentList []
              , functionAttributes = []
              , functionBody = []
              }
          ]
      ]
  ]
