Unit
  [ FunctionDeclaration
      { functionBang = True
      , functionName = "Foo"
      , functionArguments = ()
      , functionAttributes = []
      , functionBody = []
      }
  ]
