Unit [ DocBlock [ PluginAnnotation "Foo" "Bar" ] ]
