Unit [ LetStatement { letLexpr = "g:counter" , letValue = "1" } ]
