> Here is a blockquote.

And:

> Here...
>
> ... is another.
