# Example

In which the narrator says some things.

Stuff about mappings.

## License

Released under the terms of the OMFGWTFBBQLMAOPL.

## History

### 0.1 (not yet released)

- Initial release.
