
# Example<a name="example-example" href="#user-content-example-example"></a>

In which the narrator says some things.


## Commands<a name="example-commands" href="#user-content-example-commands"></a>

Stuff about commands.


## Mappings<a name="example-mappings" href="#user-content-example-mappings"></a>

Stuff about mappings.


## Options<a name="example-options" href="#user-content-example-options"></a>

Stuff about options.


## Functions<a name="example-functions" href="#user-content-example-functions"></a>

Stuff about functions.


## License<a name="example-license" href="#user-content-example-license"></a>

Released under the terms of the OMFGWTFBBQLMAOPL.


## History<a name="example-history" href="#user-content-example-history"></a>


### 0.1 (not yet released)<a name="example-01-not-yet-released" href="#user-content-example-01-not-yet-released"></a>

- Initial release.
