compute { a, b, c}

↓↓↓↓↓↓↓↓↓↓↓↓↓↓↓↓↓↓↓↓↓↓↓↓↓↓↓↓↓↓↓↓↓↓↓↓ OUTPUT ↓↓↓↓↓↓↓↓↓↓↓↓↓↓↓↓↓↓↓↓↓↓↓↓↓↓↓↓↓↓↓↓↓↓↓↓

Block(
    [
        Node {
            comments: [],
            node: FunctionCallStatement {
                pexp: Node {
                    comments: [],
                    node: NamedVar(
                        "compute",
                    ),
                    location: Location {
                        line_start: 1,
                        line_end: 1,
                        column_start: 1,
                        column_end: 8,
                    },
                },
                args: [
                    Node {
                        comments: [],
                        node: Table(
                            [
                                Node {
                                    comments: [],
                                    node: Field {
                                        index: Some(
                                            1,
                                        ),
                                        lexp: Node {
                                            comments: [],
                                            node: Nil,
                                            location: Location {
                                                line_start: 0,
                                                line_end: 0,
                                                column_start: 0,
                                                column_end: 0,
                                            },
                                        },
                                        rexp: Node {
                                            comments: [],
                                            node: NamedVar(
                                                "a",
                                            ),
                                            location: Location {
                                                line_start: 1,
                                                line_end: 1,
                                                column_start: 11,
                                                column_end: 12,
                                            },
                                        },
                                    },
                                    location: Location {
                                        line_start: 1,
                                        line_end: 1,
                                        column_start: 11,
                                        column_end: 12,
                                    },
                                },
                                Node {
                                    comments: [],
                                    node: Field {
                                        index: Some(
                                            2,
                                        ),
                                        lexp: Node {
                                            comments: [],
                                            node: Nil,
                                            location: Location {
                                                line_start: 0,
                                                line_end: 0,
                                                column_start: 0,
                                                column_end: 0,
                                            },
                                        },
                                        rexp: Node {
                                            comments: [],
                                            node: NamedVar(
                                                "b",
                                            ),
                                            location: Location {
                                                line_start: 1,
                                                line_end: 1,
                                                column_start: 14,
                                                column_end: 15,
                                            },
                                        },
                                    },
                                    location: Location {
                                        line_start: 1,
                                        line_end: 1,
                                        column_start: 14,
                                        column_end: 15,
                                    },
                                },
                                Node {
                                    comments: [],
                                    node: Field {
                                        index: Some(
                                            3,
                                        ),
                                        lexp: Node {
                                            comments: [],
                                            node: Nil,
                                            location: Location {
                                                line_start: 0,
                                                line_end: 0,
                                                column_start: 0,
                                                column_end: 0,
                                            },
                                        },
                                        rexp: Node {
                                            comments: [],
                                            node: NamedVar(
                                                "c",
                                            ),
                                            location: Location {
                                                line_start: 1,
                                                line_end: 1,
                                                column_start: 17,
                                                column_end: 18,
                                            },
                                        },
                                    },
                                    location: Location {
                                        line_start: 1,
                                        line_end: 1,
                                        column_start: 17,
                                        column_end: 18,
                                    },
                                },
                            ],
                        ),
                        location: Location {
                            line_start: 1,
                            line_end: 1,
                            column_start: 9,
                            column_end: 19,
                        },
                    },
                ],
            },
            location: Location {
                line_start: 1,
                line_end: 1,
                column_start: 1,
                column_end: 19,
            },
        },
    ],
)
