function foo.bar.baz()
  die()
end

↓↓↓↓↓↓↓↓↓↓↓↓↓↓↓↓↓↓↓↓↓↓↓↓↓↓↓↓↓↓↓↓↓↓↓↓ OUTPUT ↓↓↓↓↓↓↓↓↓↓↓↓↓↓↓↓↓↓↓↓↓↓↓↓↓↓↓↓↓↓↓↓↓↓↓↓

Ok(
    Block(
        [
            FunctionDeclaration {
                name: [
                    Name(
                        "foo",
                    ),
                    Name(
                        "bar",
                    ),
                    Name(
                        "baz",
                    ),
                ],
                method: None,
                parlist: [],
                varargs: false,
                block: Block(
                    [
                        FunctionCallStatement {
                            pexp: NamedVar(
                                "die",
                            ),
                            args: [],
                        },
                    ],
                ),
            },
        ],
    ),
)
