--[[

    Based on the example from doc/lua.md plus some extra parens and a
    "not" thrown in for good measure:

         not (1 * 2 + 3 - 4 / 5 ^ -6 > -7 ^ 8 + (9 - 10) * 11)

    equivalent to:

         not (((1 * 2) + (3 - (4 / (5 ^ (-6))))) > (-(7 ^ 8) + ((9 - 10) * 11)))

]]

local demo =  not (1 * 2 + 3 - 4 / 5 ^ -6 > -7 ^ 8 + (9 - 10) * 11)


↓↓↓↓↓↓↓↓↓↓↓↓↓↓↓↓↓↓↓↓↓↓↓↓↓↓↓↓↓↓↓↓↓↓↓↓ OUTPUT ↓↓↓↓↓↓↓↓↓↓↓↓↓↓↓↓↓↓↓↓↓↓↓↓↓↓↓↓↓↓↓↓↓↓↓↓

Block(
    [
        Node {
            comments: [
                Comment {
                    kind: BlockComment,
                    content: "--[[\n\n    Based on the example from doc/lua.md plus some extra parens and a\n    \"not\" thrown in for good measure:\n\n         not (1 * 2 + 3 - 4 / 5 ^ -6 > -7 ^ 8 + (9 - 10) * 11)\n\n    equivalent to:\n\n         not (((1 * 2) + (3 - (4 / (5 ^ (-6))))) > (-(7 ^ 8) + ((9 - 10) * 11)))\n\n]]",
                    location: Location {
                        line_start: 1,
                        line_end: 12,
                        column_start: 1,
                        column_end: 3,
                    },
                },
            ],
            node: LocalDeclaration {
                namelist: [
                    Name(
                        "demo",
                    ),
                ],
                explist: [
                    Node {
                        comments: [],
                        node: Unary {
                            exp: Node {
                                comments: [],
                                node: Binary {
                                    lexp: Node {
                                        comments: [],
                                        node: Binary {
                                            lexp: Node {
                                                comments: [],
                                                node: Binary {
                                                    lexp: Node {
                                                        comments: [],
                                                        node: Number(
                                                            "1",
                                                        ),
                                                        location: Location {
                                                            line_start: 14,
                                                            line_end: 14,
                                                            column_start: 20,
                                                            column_end: 21,
                                                        },
                                                    },
                                                    op: Star,
                                                    rexp: Node {
                                                        comments: [],
                                                        node: Number(
                                                            "2",
                                                        ),
                                                        location: Location {
                                                            line_start: 14,
                                                            line_end: 14,
                                                            column_start: 24,
                                                            column_end: 25,
                                                        },
                                                    },
                                                },
                                                location: Location {
                                                    line_start: 14,
                                                    line_end: 14,
                                                    column_start: 20,
                                                    column_end: 25,
                                                },
                                            },
                                            op: Plus,
                                            rexp: Node {
                                                comments: [],
                                                node: Binary {
                                                    lexp: Node {
                                                        comments: [],
                                                        node: Number(
                                                            "3",
                                                        ),
                                                        location: Location {
                                                            line_start: 14,
                                                            line_end: 14,
                                                            column_start: 28,
                                                            column_end: 29,
                                                        },
                                                    },
                                                    op: Minus,
                                                    rexp: Node {
                                                        comments: [],
                                                        node: Binary {
                                                            lexp: Node {
                                                                comments: [],
                                                                node: Number(
                                                                    "4",
                                                                ),
                                                                location: Location {
                                                                    line_start: 14,
                                                                    line_end: 14,
                                                                    column_start: 32,
                                                                    column_end: 33,
                                                                },
                                                            },
                                                            op: Slash,
                                                            rexp: Node {
                                                                comments: [],
                                                                node: Binary {
                                                                    lexp: Node {
                                                                        comments: [],
                                                                        node: Number(
                                                                            "5",
                                                                        ),
                                                                        location: Location {
                                                                            line_start: 14,
                                                                            line_end: 14,
                                                                            column_start: 36,
                                                                            column_end: 37,
                                                                        },
                                                                    },
                                                                    op: Caret,
                                                                    rexp: Node {
                                                                        comments: [],
                                                                        node: Unary {
                                                                            exp: Node {
                                                                                comments: [],
                                                                                node: Number(
                                                                                    "6",
                                                                                ),
                                                                                location: Location {
                                                                                    line_start: 14,
                                                                                    line_end: 14,
                                                                                    column_start: 41,
                                                                                    column_end: 42,
                                                                                },
                                                                            },
                                                                            op: Minus,
                                                                        },
                                                                        location: Location {
                                                                            line_start: 14,
                                                                            line_end: 14,
                                                                            column_start: 40,
                                                                            column_end: 42,
                                                                        },
                                                                    },
                                                                },
                                                                location: Location {
                                                                    line_start: 14,
                                                                    line_end: 14,
                                                                    column_start: 36,
                                                                    column_end: 42,
                                                                },
                                                            },
                                                        },
                                                        location: Location {
                                                            line_start: 14,
                                                            line_end: 14,
                                                            column_start: 32,
                                                            column_end: 42,
                                                        },
                                                    },
                                                },
                                                location: Location {
                                                    line_start: 14,
                                                    line_end: 14,
                                                    column_start: 28,
                                                    column_end: 42,
                                                },
                                            },
                                        },
                                        location: Location {
                                            line_start: 14,
                                            line_end: 14,
                                            column_start: 20,
                                            column_end: 42,
                                        },
                                    },
                                    op: Gt,
                                    rexp: Node {
                                        comments: [],
                                        node: Binary {
                                            lexp: Node {
                                                comments: [],
                                                node: Unary {
                                                    exp: Node {
                                                        comments: [],
                                                        node: Binary {
                                                            lexp: Node {
                                                                comments: [],
                                                                node: Number(
                                                                    "7",
                                                                ),
                                                                location: Location {
                                                                    line_start: 14,
                                                                    line_end: 14,
                                                                    column_start: 46,
                                                                    column_end: 47,
                                                                },
                                                            },
                                                            op: Caret,
                                                            rexp: Node {
                                                                comments: [],
                                                                node: Number(
                                                                    "8",
                                                                ),
                                                                location: Location {
                                                                    line_start: 14,
                                                                    line_end: 14,
                                                                    column_start: 50,
                                                                    column_end: 51,
                                                                },
                                                            },
                                                        },
                                                        location: Location {
                                                            line_start: 14,
                                                            line_end: 14,
                                                            column_start: 46,
                                                            column_end: 51,
                                                        },
                                                    },
                                                    op: Minus,
                                                },
                                                location: Location {
                                                    line_start: 14,
                                                    line_end: 14,
                                                    column_start: 45,
                                                    column_end: 51,
                                                },
                                            },
                                            op: Plus,
                                            rexp: Node {
                                                comments: [],
                                                node: Binary {
                                                    lexp: Node {
                                                        comments: [],
                                                        node: Binary {
                                                            lexp: Node {
                                                                comments: [],
                                                                node: Number(
                                                                    "9",
                                                                ),
                                                                location: Location {
                                                                    line_start: 14,
                                                                    line_end: 14,
                                                                    column_start: 55,
                                                                    column_end: 56,
                                                                },
                                                            },
                                                            op: Minus,
                                                            rexp: Node {
                                                                comments: [],
                                                                node: Number(
                                                                    "10",
                                                                ),
                                                                location: Location {
                                                                    line_start: 14,
                                                                    line_end: 14,
                                                                    column_start: 59,
                                                                    column_end: 61,
                                                                },
                                                            },
                                                        },
                                                        location: Location {
                                                            line_start: 14,
                                                            line_end: 14,
                                                            column_start: 55,
                                                            column_end: 61,
                                                        },
                                                    },
                                                    op: Star,
                                                    rexp: Node {
                                                        comments: [],
                                                        node: Number(
                                                            "11",
                                                        ),
                                                        location: Location {
                                                            line_start: 14,
                                                            line_end: 14,
                                                            column_start: 65,
                                                            column_end: 67,
                                                        },
                                                    },
                                                },
                                                location: Location {
                                                    line_start: 14,
                                                    line_end: 14,
                                                    column_start: 55,
                                                    column_end: 67,
                                                },
                                            },
                                        },
                                        location: Location {
                                            line_start: 14,
                                            line_end: 14,
                                            column_start: 45,
                                            column_end: 67,
                                        },
                                    },
                                },
                                location: Location {
                                    line_start: 14,
                                    line_end: 14,
                                    column_start: 20,
                                    column_end: 67,
                                },
                            },
                            op: Not,
                        },
                        location: Location {
                            line_start: 14,
                            line_end: 14,
                            column_start: 15,
                            column_end: 67,
                        },
                    },
                ],
            },
            location: Location {
                line_start: 14,
                line_end: 14,
                column_start: 1,
                column_end: 67,
            },
        },
    ],
)
