local function one(foo)
  foo()
end

↓↓↓↓↓↓↓↓↓↓↓↓↓↓↓↓↓↓↓↓↓↓↓↓↓↓↓↓↓↓↓↓↓↓↓↓ OUTPUT ↓↓↓↓↓↓↓↓↓↓↓↓↓↓↓↓↓↓↓↓↓↓↓↓↓↓↓↓↓↓↓↓↓↓↓↓

Block(
    [
        Node {
            comments: [],
            node: LocalFunctionDeclaration {
                name: Name(
                    "one",
                ),
                parlist: [
                    Name(
                        "foo",
                    ),
                ],
                varargs: false,
                block: Block(
                    [
                        Node {
                            comments: [],
                            node: FunctionCallStatement {
                                pexp: Node {
                                    comments: [],
                                    node: NamedVar(
                                        "foo",
                                    ),
                                },
                                args: [],
                            },
                        },
                    ],
                ),
            },
        },
    ],
)
