-- var ::=  Name | prefixexp `[´ exp `]´ | prefixexp `.´ Name
-- prefixexp ::= var | functioncall | `(´ exp `)´
-- functioncall ::=  prefixexp args | prefixexp `:´ Name args
-- args ::=  `(´ [explist] `)´ | tableconstructor | String


local item = list[100]

-- TODO: note that index expressions can appear on the LHS too; eg:
-- foo[x] = 1

↓↓↓↓↓↓↓↓↓↓↓↓↓↓↓↓↓↓↓↓↓↓↓↓↓↓↓↓↓↓↓↓↓↓↓↓ OUTPUT ↓↓↓↓↓↓↓↓↓↓↓↓↓↓↓↓↓↓↓↓↓↓↓↓↓↓↓↓↓↓↓↓↓↓↓↓

Block(
    [
        Node {
            comments: [],
            node: LocalDeclaration {
                namelist: [
                    Name(
                        "item",
                    ),
                ],
                explist: [
                    Index {
                        pexp: NamedVar(
                            "list",
                        ),
                        kexp: Number(
                            "100",
                        ),
                    },
                ],
            },
        },
    ],
)
