local item = foo.bar

↓↓↓↓↓↓↓↓↓↓↓↓↓↓↓↓↓↓↓↓↓↓↓↓↓↓↓↓↓↓↓↓↓↓↓↓ OUTPUT ↓↓↓↓↓↓↓↓↓↓↓↓↓↓↓↓↓↓↓↓↓↓↓↓↓↓↓↓↓↓↓↓↓↓↓↓

Block(
    [
        Node {
            comments: [],
            node: LocalDeclaration {
                namelist: [
                    Name(
                        "item",
                    ),
                ],
                explist: [
                    Node {
                        comments: [],
                        node: Index {
                            pexp: Node {
                                comments: [],
                                node: NamedVar(
                                    "foo",
                                ),
                            },
                            kexp: Node {
                                comments: [],
                                node: RawStr(
                                    "bar",
                                ),
                            },
                        },
                    },
                ],
            },
        },
    ],
)
