# vcs-jump<a name="vcs-jump-vcs-jump" href="#user-content-vcs-jump-vcs-jump"></a>

## Intro<a name="vcs-jump-intro" href="#user-content-vcs-jump-intro"></a>

This plug-in allows you to jump to useful places within a Git or Mercurial repository.
